Microchip MPLAB XC8 Compiler V2.10 ()

Linker command line:

-W-3 --edf=C:\Program Files (x86)\Microchip\xc8\v2.10\pic\dat\en_msgs.txt \
  -cs -h+dist/default/production\ApartamentoInteligente.X.production.sym \
  --cmf=dist/default/production\ApartamentoInteligente.X.production.cmf -z \
  -Q18F4520 -oC:\Users\giuse\AppData\Local\Temp\sfos.2 \
  --defsym=__MPLAB_BUILD=1 \
  -Mdist/default/production/ApartamentoInteligente.X.production.map -E1 \
  -ver=XC8 --acfsm=1493 -ASTACK=080h-05FFh -pstack=STACK -ACODE=00h-07FFFh \
  -ACONST=00h-07FFFh -ASMALLCONST=0600h-06FFhx122 \
  -AMEDIUMCONST=0600h-07FFFh -ACOMRAM=01h-07Fh -AABS1=00h-05FFh \
  -ABIGRAM=01h-05FFh -ARAM=080h-0FFh,0100h-01FFhx5 -ABANK0=080h-0FFh \
  -ABANK1=0100h-01FFh -ABANK2=0200h-02FFh -ABANK3=0300h-03FFh \
  -ABANK4=0400h-04FFh -ABANK5=0500h-05FFh -ASFR=0F80h-0FFFh \
  -preset_vec=00h,intcode,intcodelo,powerup,init -pramtop=0600h \
  -psmallconst=SMALLCONST -pmediumconst=MEDIUMCONST -pconst=CONST \
  -AFARRAM=00h-00h -ACONFIG=0300000h-030000Dh -pconfig=CONFIG \
  -AIDLOC=0200000h-0200007h -pidloc=IDLOC -AEEDATA=0F00000h-0F000FFh \
  -peeprom_data=EEDATA \
  -prdata=COMRAM,nvrram=COMRAM,nvbit=COMRAM,rbss=COMRAM,rbit=COMRAM \
  -pfarbss=FARRAM,fardata=FARRAM,nvFARRAM=FARRAM \
  -pintsave_regs=BIGRAM,bigbss=BIGRAM,bigdata=BIGRAM -pbss=RAM \
  -pidata=CODE,irdata=CODE,ibigdata=CODE,ifardata=CODE -prparam=COMRAM \
  C:\Users\giuse\AppData\Local\Temp\sfos.o \
  dist/default/production\ApartamentoInteligente.X.production.o 

Object code version is 3.11

Machine type is 18F4520

Call graph: (short form)




                Name                               Link     Load   Length Selector   Space Scale
C:\Users\giuse\AppData\Local\Temp\sfos.o
                init                                  0        0        4        0       0
                idloc                            200000   200000        8   200000       0
                config                           300000   300000        E   300000       0
dist/default/production\ApartamentoInteligente.X.production.o
                mediumconst                        7E5A     7E5A      1A6     3F2D       0
                text30                             6DEA     6DEA       64     36F5       0
                text29                             6AB4     6AB4        8     355A       0
                text28                             6AFE     6AFE       2A     357F       0
                text27                             6D8E     6D8E       5C     36C7       0
                text26                             6ABC     6ABC        8     355E       0
                text25                             6BEA     6BEA       3A     35F5       0
                text24                             6C24     6C24       3A     3612       0
                text23                             6B28     6B28       2A     3594       0
                text22                             6CE8     6CE8       50     3674       0
                text21                             710E     710E       C4     3887       0
                text20                             6F9E     6F9E       B0     37CF       0
                text19                             704E     704E       C0     3827       0
                text18                             77EC     77EC      1CA     3BF6       0
                text17                             6EF0     6EF0       AE     3778       0
                text16                             7504     7504      138     3A82       0
                text15                             6CA2     6CA2       46     3651       0
                text14                             6C5E     6C5E       44     362F       0
                text13                             79B6     79B6      1E0     3CDB       0
                text12                             6E4E     6E4E       A2     3727       0
                text11                             6B52     6B52       30     35A9       0
                text10                             6AC4     6AC4        A     3562       0
                text9                              6BB4     6BB4       36     35DA       0
                text8                              6AD8     6AD8       26     356C       0
                text7                              6D38     6D38       56     369C       0
                text6                              73DC     73DC      128     39EE       0
                text5                              7B96     7B96      2C4     3DCB       0
                text4                              6AA6     6AA6        6     3553       0
                text3                              763C     763C      1B0     3B1E       0
                text2                              6ACE     6ACE        A     3567       0
                text1                              72BA     72BA      122     395D       0
                text0                              71D2     71D2       E8     38E9       0
                cstackCOMRAM                          1        1       34        1       1
                dataCOMRAM                           35       35        7        1       1
                bssCOMRAM                            3C       3C        4        1       1
                cinit                              6B82     6B82       32     35C1       0
                idataCOMRAM                        6AAD     6AAD        7     6AAD       0

TOTAL           Name                               Link     Load   Length     Space
        CLASS   STACK          

        CLASS   CODE           
                init                                  0        0        4         0
                text30                             6DEA     6DEA       64         0
                text29                             6AB4     6AB4        8         0
                text28                             6AFE     6AFE       2A         0
                text27                             6D8E     6D8E       5C         0
                text26                             6ABC     6ABC        8         0
                text25                             6BEA     6BEA       3A         0
                text24                             6C24     6C24       3A         0
                text23                             6B28     6B28       2A         0
                text22                             6CE8     6CE8       50         0
                text21                             710E     710E       C4         0
                text20                             6F9E     6F9E       B0         0
                text19                             704E     704E       C0         0
                text18                             77EC     77EC      1CA         0
                text17                             6EF0     6EF0       AE         0
                text16                             7504     7504      138         0
                text15                             6CA2     6CA2       46         0
                text14                             6C5E     6C5E       44         0
                text13                             79B6     79B6      1E0         0
                text12                             6E4E     6E4E       A2         0
                text11                             6B52     6B52       30         0
                text10                             6AC4     6AC4        A         0
                text9                              6BB4     6BB4       36         0
                text8                              6AD8     6AD8       26         0
                text7                              6D38     6D38       56         0
                text6                              73DC     73DC      128         0
                text5                              7B96     7B96      2C4         0
                text4                              6AA6     6AA6        6         0
                text3                              763C     763C      1B0         0
                text2                              6ACE     6ACE        A         0
                text1                              72BA     72BA      122         0
                text0                              71D2     71D2       E8         0
                cinit                              6B82     6B82       32         0
                idataCOMRAM                        6AAD     6AAD        7         0

        CLASS   CONST          

        CLASS   SMALLCONST     

        CLASS   MEDIUMCONST    
                mediumconst                        7E5A     7E5A      1A6         0

        CLASS   COMRAM         
                cstackCOMRAM                          1        1       34         1
                dataCOMRAM                           35       35        7         1
                bssCOMRAM                            3C       3C        4         1

        CLASS   ABS1           

        CLASS   BIGRAM         

        CLASS   RAM            

        CLASS   BANK0          

        CLASS   BANK1          

        CLASS   BANK2          

        CLASS   BANK3          

        CLASS   BANK4          

        CLASS   BANK5          

        CLASS   SFR            

        CLASS   FARRAM         

        CLASS   CONFIG         
                config                           300000   300000        E         0

        CLASS   IDLOC          
                idloc                            200000   200000        8         0

        CLASS   EEDATA         



SEGMENTS        Name                           Load    Length   Top    Selector   Space  Class

                reset_vec                      000000  000004  000004         0       0  CODE    
                cstackCOMRAM                   000001  00003F  000040         1       1  COMRAM  
                text4                          006AA6  000006  006AAC      3553       0  CODE    
                idataCOMRAM                    006AAD  000007  006AB4      6AAD       0  CODE    
                text29                         006AB4  000008  006ABC      355A       0  CODE    
                text26                         006ABC  000008  006AC4      355E       0  CODE    
                text10                         006AC4  00000A  006ACE      3562       0  CODE    
                text2                          006ACE  00000A  006AD8      3567       0  CODE    
                text8                          006AD8  000026  006AFE      356C       0  CODE    
                text28                         006AFE  00002A  006B28      357F       0  CODE    
                text23                         006B28  00002A  006B52      3594       0  CODE    
                text11                         006B52  000030  006B82      35A9       0  CODE    
                cinit                          006B82  000032  006BB4      35C1       0  CODE    
                text9                          006BB4  000036  006BEA      35DA       0  CODE    
                text25                         006BEA  00003A  006C24      35F5       0  CODE    
                text24                         006C24  00003A  006C5E      3612       0  CODE    
                text14                         006C5E  000044  006CA2      362F       0  CODE    
                text15                         006CA2  000046  006CE8      3651       0  CODE    
                text22                         006CE8  000050  006D38      3674       0  CODE    
                text7                          006D38  000056  006D8E      369C       0  CODE    
                text27                         006D8E  00005C  006DEA      36C7       0  CODE    
                text30                         006DEA  000064  006E4E      36F5       0  CODE    
                text12                         006E4E  0000A2  006EF0      3727       0  CODE    
                text17                         006EF0  0000AE  006F9E      3778       0  CODE    
                text20                         006F9E  0000B0  00704E      37CF       0  CODE    
                text19                         00704E  0000C0  00710E      3827       0  CODE    
                text21                         00710E  0000C4  0071D2      3887       0  CODE    
                text0                          0071D2  0000E8  0072BA      38E9       0  CODE    
                text1                          0072BA  000122  0073DC      395D       0  CODE    
                text6                          0073DC  000128  007504      39EE       0  CODE    
                text16                         007504  000138  00763C      3A82       0  CODE    
                text3                          00763C  0001B0  0077EC      3B1E       0  CODE    
                text18                         0077EC  0001CA  0079B6      3BF6       0  CODE    
                text13                         0079B6  0001E0  007B96      3CDB       0  CODE    
                text5                          007B96  0002C4  007E5A      3DCB       0  CODE    
                mediumconst                    007E5A  0001A6  008000      3F2D       0  MEDIUMCO
                idloc                          200000  000008  200008    200000       0  IDLOC   
                config                         300000  00000E  30000E    300000       0  CONFIG  


UNUSED ADDRESS RANGES

        Name                Unused          Largest block    Delta
        BANK0            000080-0000FF               80
        BANK1            000100-0001FF              100
        BANK2            000200-0002FF              100
        BANK3            000300-0003FF              100
        BANK4            000400-0004FF              100
        BANK5            000500-0005FF              100
        BIGRAM           000040-0005FF              5C0
        CODE             000004-006AA5             6AA2
                         006AAC-006AAC                1
        COMRAM           000040-00007F               40
        CONST            000004-006AA5             6AA2
                         006AAC-006AAC                1
        EEDATA           F00000-F000FF              100
        MEDIUMCONST      000600-006AA5             64A6
                         006AAC-006AAC                1
        RAM              000080-0005FF              100
        SFR              000F80-000FFF               80
        SMALLCONST       000600-006AA5              100
                         006AAC-006AAC                1
        STACK            000080-0005FF              580

                                  Symbol Table

?___awdiv                      cstackCOMRAM 000013
?___awmod                      cstackCOMRAM 00000D
?___wmul                       cstackCOMRAM 000001
?_pow                          cstackCOMRAM 000007
__CFG_DEBUG$OFF                (abs)        000000
__CFG_LVP$OFF                  (abs)        000000
__CFG_OSC$HS                   (abs)        000000
__CFG_WDT$OFF                  (abs)        000000
__CFG_WDTPS$1                  (abs)        000000
__HRAM                         (abs)        000000
__Habs1                        abs1         000000
__Hbank0                       bank0        000000
__Hbank1                       bank1        000000
__Hbank2                       bank2        000000
__Hbank3                       bank3        000000
__Hbank4                       bank4        000000
__Hbank5                       bank5        000000
__Hbigbss                      bigbss       000000
__Hbigdata                     bigdata      000000
__Hbigram                      bigram       000000
__Hbss                         bss          000000
__HbssCOMRAM                   bssCOMRAM    000000
__Hcinit                       cinit        000000
__Hclrtext                     clrtext      000000
__Hcomram                      comram       000000
__Hconfig                      config       30000E
__Hconst                       const        000000
__HcstackCOMRAM                cstackCOMRAM 000000
__Hdata                        data         000000
__HdataCOMRAM                  dataCOMRAM   000000
__Heeprom_data                 eeprom_data  000000
__Hfarbss                      farbss       000000
__Hfardata                     fardata      000000
__Hibigdata                    ibigdata     000000
__Hidata                       idata        000000
__HidataCOMRAM                 idataCOMRAM  000000
__Hidloc                       idloc        200008
__Hifardata                    ifardata     000000
__Hinit                        init         000004
__Hintcode                     intcode      000000
__Hintcode_body                intcode_body 000000
__Hintcodelo                   intcodelo    000000
__Hintentry                    intentry     000000
__Hintret                      intret       000000
__Hintsave_regs                intsave_regs 000000
__Hirdata                      irdata       000000
__Hmediumconst                 mediumconst  008000
__HnvFARRAM                    nvFARRAM     000000
__Hnvbit                       nvbit        000000
__Hnvrram                      nvrram       000000
__Hparam                       rparam       000000
__Hpowerup                     powerup      000000
__Hram                         ram          000000
__Hramtop                      ramtop       000600
__Hrbit                        rbit         000000
__Hrbss                        rbss         000000
__Hrdata                       rdata        000000
__Hreset_vec                   reset_vec    000000
__Hrparam                      rparam       000000
__Hsfr                         sfr          000000
__Hsmallconst                  smallconst   000000
__Hspace_0                     (abs)        30000E
__Hspace_1                     (abs)        000040
__Hspace_2                     (abs)        000000
__Hstack                       stack        000000
__Hstruct                      struct       000000
__Htemp                        temp         000000
__Htext                        text         000000
__Htext0                       text0        000000
__Htext1                       text1        000000
__Htext10                      text10       000000
__Htext11                      text11       000000
__Htext12                      text12       000000
__Htext13                      text13       000000
__Htext14                      text14       000000
__Htext15                      text15       000000
__Htext16                      text16       000000
__Htext17                      text17       000000
__Htext18                      text18       000000
__Htext19                      text19       000000
__Htext2                       text2        000000
__Htext20                      text20       000000
__Htext21                      text21       000000
__Htext22                      text22       000000
__Htext23                      text23       000000
__Htext24                      text24       000000
__Htext25                      text25       000000
__Htext26                      text26       000000
__Htext27                      text27       000000
__Htext28                      text28       000000
__Htext29                      text29       000000
__Htext3                       text3        000000
__Htext30                      text30       000000
__Htext4                       text4        000000
__Htext5                       text5        000000
__Htext6                       text6        000000
__Htext7                       text7        000000
__Htext8                       text8        000000
__Htext9                       text9        000000
__LRAM                         (abs)        000001
__Labs1                        abs1         000000
__Lbank0                       bank0        000000
__Lbank1                       bank1        000000
__Lbank2                       bank2        000000
__Lbank3                       bank3        000000
__Lbank4                       bank4        000000
__Lbank5                       bank5        000000
__Lbigbss                      bigbss       000000
__Lbigdata                     bigdata      000000
__Lbigram                      bigram       000000
__Lbss                         bss          000000
__LbssCOMRAM                   bssCOMRAM    000000
__Lcinit                       cinit        000000
__Lclrtext                     clrtext      000000
__Lcomram                      comram       000000
__Lconfig                      config       300000
__Lconst                       const        000000
__LcstackCOMRAM                cstackCOMRAM 000000
__Ldata                        data         000000
__LdataCOMRAM                  dataCOMRAM   000000
__Leeprom_data                 eeprom_data  000000
__Lfarbss                      farbss       000000
__Lfardata                     fardata      000000
__Libigdata                    ibigdata     000000
__Lidata                       idata        000000
__LidataCOMRAM                 idataCOMRAM  000000
__Lidloc                       idloc        200000
__Lifardata                    ifardata     000000
__Linit                        init         000000
__Lintcode                     intcode      000000
__Lintcode_body                intcode_body 000000
__Lintcodelo                   intcodelo    000000
__Lintentry                    intentry     000000
__Lintret                      intret       000000
__Lintsave_regs                intsave_regs 000000
__Lirdata                      irdata       000000
__Lmediumconst                 mediumconst  007E5A
__LnvFARRAM                    nvFARRAM     000000
__Lnvbit                       nvbit        000000
__Lnvrram                      nvrram       000000
__Lparam                       rparam       000000
__Lpowerup                     powerup      000000
__Lram                         ram          000000
__Lramtop                      ramtop       000600
__Lrbit                        rbit         000000
__Lrbss                        rbss         000000
__Lrdata                       rdata        000000
__Lreset_vec                   reset_vec    000000
__Lrparam                      rparam       000000
__Lsfr                         sfr          000000
__Lsmallconst                  smallconst   000000
__Lspace_0                     (abs)        000000
__Lspace_1                     (abs)        000000
__Lspace_2                     (abs)        000000
__Lstack                       stack        000000
__Lstruct                      struct       000000
__Ltemp                        temp         000000
__Ltext                        text         000000
__Ltext0                       text0        000000
__Ltext1                       text1        000000
__Ltext10                      text10       000000
__Ltext11                      text11       000000
__Ltext12                      text12       000000
__Ltext13                      text13       000000
__Ltext14                      text14       000000
__Ltext15                      text15       000000
__Ltext16                      text16       000000
__Ltext17                      text17       000000
__Ltext18                      text18       000000
__Ltext19                      text19       000000
__Ltext2                       text2        000000
__Ltext20                      text20       000000
__Ltext21                      text21       000000
__Ltext22                      text22       000000
__Ltext23                      text23       000000
__Ltext24                      text24       000000
__Ltext25                      text25       000000
__Ltext26                      text26       000000
__Ltext27                      text27       000000
__Ltext28                      text28       000000
__Ltext29                      text29       000000
__Ltext3                       text3        000000
__Ltext30                      text30       000000
__Ltext4                       text4        000000
__Ltext5                       text5        000000
__Ltext6                       text6        000000
__Ltext7                       text7        000000
__Ltext8                       text8        000000
__Ltext9                       text9        000000
__S0                           (abs)        30000E
__S1                           (abs)        000040
__S2                           (abs)        000000
___awdiv                       text21       00710E
___awdiv@counter               cstackCOMRAM 000017
___awdiv@dividend              cstackCOMRAM 000013
___awdiv@divisor               cstackCOMRAM 000015
___awdiv@quotient              cstackCOMRAM 000019
___awdiv@sign                  cstackCOMRAM 000018
___awmod                       text20       006F9E
___awmod@counter               cstackCOMRAM 000011
___awmod@dividend              cstackCOMRAM 00000D
___awmod@divisor               cstackCOMRAM 00000F
___awmod@sign                  cstackCOMRAM 000012
___inthi_sp                    stack        000000
___intlo_sp                    stack        000000
___param_bank                  (abs)        000000
___rparam_used                 (abs)        000001
___sp                          stack        000000
___wmul                        text8        006AD8
___wmul@multiplicand           cstackCOMRAM 000003
___wmul@multiplier             cstackCOMRAM 000001
___wmul@product                cstackCOMRAM 000005
__accesstop                    (abs)        000080
__activetblptr                 (abs)        000002
__end_of___awdiv               text21       0071D2
__end_of___awmod               text20       00704E
__end_of___wmul                text8        006AFE
__end_of__initialization       cinit        006BAA
__end_of_abreFecha             text11       006B82
__end_of_aumentarTemp          text25       006C24
__end_of_defineSenha           text10       006ACE
__end_of_delay_ms              text30       006E4E
__end_of_desligaLuz            text15       006CE8
__end_of_desligaTodasLuzes     text2        006AD8
__end_of_destranca             text9        006BEA
__end_of_diminuirTemp          text24       006C5E
__end_of_lcd_cmd               text28       006B28
__end_of_lcd_dat               text23       006B52
__end_of_lcd_init              text27       006DEA
__end_of_lcd_str               text22       006D38
__end_of_lcd_wr                text29       006ABC
__end_of_ligaLuz               text14       006CA2
__end_of_ligarDesligar         text26       006AC4
__end_of_linha                 mediumconst  007E87
__end_of_main                  text0        0072BA
__end_of_menuArCondicionado    text16       00763C
__end_of_menuAumentaDiminuiAC  text17       006F9E
__end_of_menuLuzes             text12       006EF0
__end_of_menuManipLuzes        text13       007B96
__end_of_menuPorta             text3        0077EC
__end_of_menuTranca            text5        007E5A
__end_of_num                   mediumconst  007E83
__end_of_pow                   text7        006D8E
__end_of_printSenha            text6        007504
__end_of_printTemp             text19       00710E
__end_of_sair                  text1        0073DC
__end_of_tc_tecla              text18       0079B6
__end_of_tranca                text4        006AAC
__end_ofssd@num                mediumconst  007E6F
__initialization               cinit        006B82
__mediumconst                  mediumconst  007E5A
__pbssCOMRAM                   bssCOMRAM    00003C
__pcinit                       cinit        006B82
__pcstackCOMRAM                cstackCOMRAM 000001
__pdataCOMRAM                  dataCOMRAM   000035
__pidataCOMRAM                 idataCOMRAM  006AAD
__pmediumconst                 mediumconst  007E5A
__ptext0                       text0        0071D2
__ptext1                       text1        0072BA
__ptext10                      text10       006AC4
__ptext11                      text11       006B52
__ptext12                      text12       006E4E
__ptext13                      text13       0079B6
__ptext14                      text14       006C5E
__ptext15                      text15       006CA2
__ptext16                      text16       007504
__ptext17                      text17       006EF0
__ptext18                      text18       0077EC
__ptext19                      text19       00704E
__ptext2                       text2        006ACE
__ptext20                      text20       006F9E
__ptext21                      text21       00710E
__ptext22                      text22       006CE8
__ptext23                      text23       006B28
__ptext24                      text24       006C24
__ptext25                      text25       006BEA
__ptext26                      text26       006ABC
__ptext27                      text27       006D8E
__ptext28                      text28       006AFE
__ptext29                      text29       006AB4
__ptext3                       text3        00763C
__ptext30                      text30       006DEA
__ptext4                       text4        006AA6
__ptext5                       text5        007B96
__ptext6                       text6        0073DC
__ptext7                       text7        006D38
__ptext8                       text8        006AD8
__ptext9                       text9        006BB4
__ramtop                       ramtop       000600
__size_of___awdiv              (abs)        000000
__size_of___awmod              (abs)        000000
__size_of___wmul               (abs)        000000
__size_of_abreFecha            (abs)        000000
__size_of_aumentarTemp         (abs)        000000
__size_of_defineSenha          (abs)        000000
__size_of_delay_ms             (abs)        000000
__size_of_desligaLuz           (abs)        000000
__size_of_desligaTodasLuzes    (abs)        000000
__size_of_destranca            (abs)        000000
__size_of_diminuirTemp         (abs)        000000
__size_of_lcd_cmd              (abs)        000000
__size_of_lcd_dat              (abs)        000000
__size_of_lcd_init             (abs)        000000
__size_of_lcd_str              (abs)        000000
__size_of_lcd_wr               (abs)        000000
__size_of_ligaLuz              (abs)        000000
__size_of_ligarDesligar        (abs)        000000
__size_of_main                 (abs)        000000
__size_of_menuArCondicionado   (abs)        000000
__size_of_menuAumentaDiminuiAC (abs)        000000
__size_of_menuLuzes            (abs)        000000
__size_of_menuManipLuzes       (abs)        000000
__size_of_menuPorta            (abs)        000000
__size_of_menuTranca           (abs)        000000
__size_of_pow                  (abs)        000000
__size_of_printSenha           (abs)        000000
__size_of_printTemp            (abs)        000000
__size_of_sair                 (abs)        000000
__size_of_tc_tecla             (abs)        000000
__size_of_tranca               (abs)        000000
__smallconst                   smallconst   000000
_abreFecha                     text11       006B52
_atraso                        dataCOMRAM   000037
_atraso_min                    dataCOMRAM   000039
_aumentarTemp                  text25       006BEA
_defineSenha                   text10       006AC4
_delay_ms                      text30       006DEA
_desligaLuz                    text15       006CA2
_desligaTodasLuzes             text2        006ACE
_destranca                     text9        006BB4
_diminuirTemp                  text24       006C24
_estado                        bssCOMRAM    00003E
_estadoLuz                     bssCOMRAM    00003F
_estadoPorta                   bssCOMRAM    00003D
_estadoTranca                  bssCOMRAM    00003C
_lcd_cmd                       text28       006AFE
_lcd_dat                       text23       006B28
_lcd_init                      text27       006D8E
_lcd_str                       text22       006CE8
_lcd_wr                        text29       006AB4
_ligaLuz                       text14       006C5E
_ligarDesligar                 text26       006ABC
_linha                         mediumconst  007E83
_main                          text0        0071D2
_menuArCondicionado            text16       007504
_menuAumentaDiminuiAC          text17       006EF0
_menuLuzes                     text12       006E4E
_menuManipLuzes                text13       0079B6
_menuManipLuzes$215            cstackCOMRAM 000010
_menuPorta                     text3        00763C
_menuTranca                    text5        007B96
_menuTranca$1002               cstackCOMRAM 000022
_pow                           text7        006D38
_printSenha                    text6        0073DC
_printTemp                     text19       00704E
_sair                          text1        0072BA
_senha                         dataCOMRAM   000035
_tc_tecla                      text18       0077EC
_temperatura                   dataCOMRAM   00003B
_tranca                        text4        006AA6
abreFecha@comando              cstackCOMRAM 000001
aumentarTemp@a                 cstackCOMRAM 000003
defineSenha@entrada            cstackCOMRAM 000001
delay_ms@i                     cstackCOMRAM 000003
delay_ms@j                     cstackCOMRAM 000005
delay_ms@k                     cstackCOMRAM 000006
delay_ms@t                     cstackCOMRAM 000001
desligaLuz@luz                 cstackCOMRAM 000003
destranca@entrada              cstackCOMRAM 000001
diminuirTemp@d                 cstackCOMRAM 000003
end_of_initialization          cinit        006BAA
intlevel0                      text         000000
intlevel1                      text         000000
intlevel2                      text         000000
intlevel3                      text         000000
lcd_cmd@val                    cstackCOMRAM 000007
lcd_dat@val                    cstackCOMRAM 000007
lcd_str@i                      cstackCOMRAM 00000C
lcd_str@str                    cstackCOMRAM 000008
lcd_wr@val                     cstackCOMRAM 000001
ligaLuz@luz                    cstackCOMRAM 000003
ligarDesligar@i                cstackCOMRAM 000001
main@tmp                       cstackCOMRAM 000034
menuArCondicionado@tmp         cstackCOMRAM 000021
menuAumentaDiminuiAC@tmp       cstackCOMRAM 00001E
menuLuzes@tmp                  cstackCOMRAM 000017
menuManipLuzes@i               cstackCOMRAM 000013
menuManipLuzes@opcao           cstackCOMRAM 000012
menuManipLuzes@tmp             cstackCOMRAM 000014
menuPorta@tmp                  cstackCOMRAM 00002C
menuTranca@digitado            cstackCOMRAM 000026
menuTranca@entrada             cstackCOMRAM 000028
menuTranca@opcao               cstackCOMRAM 000027
menuTranca@tentativas          cstackCOMRAM 000024
menuTranca@tmp                 cstackCOMRAM 000025
pow@bas                        cstackCOMRAM 000007
pow@exp                        cstackCOMRAM 000009
pow@resp                       cstackCOMRAM 00000B
printSenha@digitado            cstackCOMRAM 00001D
printSenha@i                   cstackCOMRAM 000021
printSenha@j                   cstackCOMRAM 000020
printSenha@s                   cstackCOMRAM 00001B
printTemp@temp                 cstackCOMRAM 00001B
sair@tmp                       cstackCOMRAM 00002A
ssd@num                        mediumconst  007E5B
stackhi                        (abs)        0005FF
stacklo                        (abs)        000080
start                          init         000000
start_initialization           cinit        006B82
tc_tecla@i                     cstackCOMRAM 00000D
tc_tecla@ret                   cstackCOMRAM 00000C
tc_tecla@timeout               cstackCOMRAM 000007
tc_tecla@tmp                   cstackCOMRAM 00000B
tc_tecla@to                    cstackCOMRAM 000009


FUNCTION INFORMATION:

 *************** function _main *****************
 Defined at:
		line 9 in file "main.c"
 Parameters:    Size  Location     Type
  argc            2   44[COMRAM] int 
  argv            3   46[COMRAM] PTR PTR unsigned char 
 Auto vars:     Size  Location     Type
  tmp             1   51[COMRAM] unsigned char 
 Return value:  Size  Location     Type
                  2   44[COMRAM] int 
 Registers used:
		wreg, status,2, status,0, tblptrl, tblptrh, tblptru, prodl, prodh, cstack
 Tracked objects:
		On entry : 
		On exit  : 
		Unchanged: 
 Data sizes:     COMRAM   BANK0   BANK1   BANK2   BANK3   BANK4   BANK5
      Params:         5       0       0       0       0       0       0
      Locals:         1       0       0       0       0       0       0
      Temps:          2       0       0       0       0       0       0
      Totals:         8       0       0       0       0       0       0
Total ram usage:        8 bytes
 Hardware stack levels required when called:    5
 This function calls:
		_lcd_cmd
		_lcd_init
		_lcd_str
		_menuArCondicionado
		_menuLuzes
		_menuPorta
		_sair
		_tc_tecla
 This function is called by:
		Startup code after reset
 This function uses a non-reentrant model


 *************** function _sair *****************
 Defined at:
		line 537 in file "menus.c"
 Parameters:    Size  Location     Type
		None
 Auto vars:     Size  Location     Type
  tmp             1   41[COMRAM] unsigned char 
 Return value:  Size  Location     Type
                  1    wreg      void 
 Registers used:
		wreg, status,2, status,0, tblptrl, tblptrh, tblptru, prodl, prodh, cstack
 Tracked objects:
		On entry : 
		On exit  : 
		Unchanged: 
 Data sizes:     COMRAM   BANK0   BANK1   BANK2   BANK3   BANK4   BANK5
      Params:         0       0       0       0       0       0       0
      Locals:         1       0       0       0       0       0       0
      Temps:          0       0       0       0       0       0       0
      Totals:         1       0       0       0       0       0       0
Total ram usage:        1 bytes
 Hardware stack levels used:    1
 Hardware stack levels required when called:    4
 This function calls:
		_abreFecha
		_delay_ms
		_desligaTodasLuzes
		_lcd_cmd
		_lcd_str
		_ligarDesligar
		_menuTranca
		_tc_tecla
		_tranca
 This function is called by:
		_main
 This function uses a non-reentrant model


 *************** function _desligaTodasLuzes *****************
 Defined at:
		line 53 in file "luzes.c"
 Parameters:    Size  Location     Type
		None
 Auto vars:     Size  Location     Type
		None
 Return value:  Size  Location     Type
                  1    wreg      void 
 Registers used:
		wreg, status,2
 Tracked objects:
		On entry : 
		On exit  : 
		Unchanged: 
 Data sizes:     COMRAM   BANK0   BANK1   BANK2   BANK3   BANK4   BANK5
      Params:         0       0       0       0       0       0       0
      Locals:         0       0       0       0       0       0       0
      Temps:          0       0       0       0       0       0       0
      Totals:         0       0       0       0       0       0       0
Total ram usage:        0 bytes
 Hardware stack levels used:    1
 This function calls:
		Nothing
 This function is called by:
		_sair
 This function uses a non-reentrant model


 *************** function _menuPorta *****************
 Defined at:
		line 161 in file "menus.c"
 Parameters:    Size  Location     Type
		None
 Auto vars:     Size  Location     Type
  tmp             1   43[COMRAM] unsigned char 
 Return value:  Size  Location     Type
                  1    wreg      void 
 Registers used:
		wreg, status,2, status,0, tblptrl, tblptrh, tblptru, prodl, prodh, cstack
 Tracked objects:
		On entry : 
		On exit  : 
		Unchanged: 
 Data sizes:     COMRAM   BANK0   BANK1   BANK2   BANK3   BANK4   BANK5
      Params:         0       0       0       0       0       0       0
      Locals:         1       0       0       0       0       0       0
      Temps:          2       0       0       0       0       0       0
      Totals:         3       0       0       0       0       0       0
Total ram usage:        3 bytes
 Hardware stack levels used:    1
 Hardware stack levels required when called:    4
 This function calls:
		_abreFecha
		_delay_ms
		_lcd_cmd
		_lcd_str
		_menuTranca
		_tc_tecla
		_tranca
 This function is called by:
		_main
 This function uses a non-reentrant model


 *************** function _tranca *****************
 Defined at:
		line 78 in file "porta.c"
 Parameters:    Size  Location     Type
		None
 Auto vars:     Size  Location     Type
		None
 Return value:  Size  Location     Type
                  1    wreg      void 
 Registers used:
		wreg, status,2
 Tracked objects:
		On entry : 
		On exit  : 
		Unchanged: 
 Data sizes:     COMRAM   BANK0   BANK1   BANK2   BANK3   BANK4   BANK5
      Params:         0       0       0       0       0       0       0
      Locals:         0       0       0       0       0       0       0
      Temps:          0       0       0       0       0       0       0
      Totals:         0       0       0       0       0       0       0
Total ram usage:        0 bytes
 Hardware stack levels used:    1
 This function calls:
		Nothing
 This function is called by:
		_menuPorta
		_sair
 This function uses a non-reentrant model


 *************** function _menuTranca *****************
 Defined at:
		line 21 in file "menus.c"
 Parameters:    Size  Location     Type
  opcao           1    wreg     unsigned char 
 Auto vars:     Size  Location     Type
  opcao           1   38[COMRAM] unsigned char 
  entrada         2   39[COMRAM] int 
  digitado        1   37[COMRAM] unsigned char 
  tmp             1   36[COMRAM] unsigned char 
  tentativas      1   35[COMRAM] unsigned char 
 Return value:  Size  Location     Type
                  1    wreg      void 
 Registers used:
		wreg, status,2, status,0, tblptrl, tblptrh, tblptru, prodl, prodh, cstack
 Tracked objects:
		On entry : 
		On exit  : 
		Unchanged: 
 Data sizes:     COMRAM   BANK0   BANK1   BANK2   BANK3   BANK4   BANK5
      Params:         0       0       0       0       0       0       0
      Locals:         8       0       0       0       0       0       0
      Temps:          0       0       0       0       0       0       0
      Totals:         8       0       0       0       0       0       0
Total ram usage:        8 bytes
 Hardware stack levels used:    1
 Hardware stack levels required when called:    3
 This function calls:
		___wmul
		_abreFecha
		_defineSenha
		_delay_ms
		_destranca
		_lcd_cmd
		_lcd_str
		_pow
		_printSenha
		_tc_tecla
 This function is called by:
		_menuPorta
		_sair
 This function uses a non-reentrant model


 *************** function _printSenha *****************
 Defined at:
		line 65 in file "ssd.c"
 Parameters:    Size  Location     Type
  s               2   26[COMRAM] int 
  digitado        1   28[COMRAM] unsigned char 
 Auto vars:     Size  Location     Type
  i               1   32[COMRAM] unsigned char 
  j               1   31[COMRAM] unsigned char 
 Return value:  Size  Location     Type
                  1    wreg      void 
 Registers used:
		wreg, status,2, status,0, tblptrl, tblptrh, tblptru, prodl, prodh, cstack
 Tracked objects:
		On entry : 
		On exit  : 
		Unchanged: 
 Data sizes:     COMRAM   BANK0   BANK1   BANK2   BANK3   BANK4   BANK5
      Params:         3       0       0       0       0       0       0
      Locals:         2       0       0       0       0       0       0
      Temps:          2       0       0       0       0       0       0
      Totals:         7       0       0       0       0       0       0
Total ram usage:        7 bytes
 Hardware stack levels used:    1
 Hardware stack levels required when called:    2
 This function calls:
		___awdiv
		___awmod
		_delay_ms
		_pow
 This function is called by:
		_menuTranca
 This function uses a non-reentrant model


 *************** function _pow *****************
 Defined at:
		line 12 in file "porta.c"
 Parameters:    Size  Location     Type
  bas             2    6[COMRAM] int 
  exp             2    8[COMRAM] int 
 Auto vars:     Size  Location     Type
  resp            2   10[COMRAM] int 
 Return value:  Size  Location     Type
                  2    6[COMRAM] int 
 Registers used:
		wreg, status,2, status,0, prodl, prodh, cstack
 Tracked objects:
		On entry : 
		On exit  : 
		Unchanged: 
 Data sizes:     COMRAM   BANK0   BANK1   BANK2   BANK3   BANK4   BANK5
      Params:         4       0       0       0       0       0       0
      Locals:         2       0       0       0       0       0       0
      Temps:          0       0       0       0       0       0       0
      Totals:         6       0       0       0       0       0       0
Total ram usage:        6 bytes
 Hardware stack levels used:    1
 Hardware stack levels required when called:    1
 This function calls:
		___wmul
 This function is called by:
		_menuTranca
		_printSenha
 This function uses a non-reentrant model


 *************** function ___wmul *****************
 Defined at:
		line 15 in file "C:\Program Files (x86)\Microchip\xc8\v2.10\pic\sources\c99\common\Umul16.c"
 Parameters:    Size  Location     Type
  multiplier      2    0[COMRAM] unsigned int 
  multiplicand    2    2[COMRAM] unsigned int 
 Auto vars:     Size  Location     Type
  product         2    4[COMRAM] unsigned int 
 Return value:  Size  Location     Type
                  2    0[COMRAM] unsigned int 
 Registers used:
		wreg, status,2, status,0, prodl, prodh
 Tracked objects:
		On entry : 
		On exit  : 
		Unchanged: 
 Data sizes:     COMRAM   BANK0   BANK1   BANK2   BANK3   BANK4   BANK5
      Params:         4       0       0       0       0       0       0
      Locals:         2       0       0       0       0       0       0
      Temps:          0       0       0       0       0       0       0
      Totals:         6       0       0       0       0       0       0
Total ram usage:        6 bytes
 Hardware stack levels used:    1
 This function calls:
		Nothing
 This function is called by:
		_menuTranca
		_pow
 This function uses a non-reentrant model


 *************** function _destranca *****************
 Defined at:
		line 95 in file "porta.c"
 Parameters:    Size  Location     Type
  entrada         2    0[COMRAM] int 
 Auto vars:     Size  Location     Type
		None
 Return value:  Size  Location     Type
                  1    wreg      unsigned char 
 Registers used:
		wreg, status,2, status,0
 Tracked objects:
		On entry : 
		On exit  : 
		Unchanged: 
 Data sizes:     COMRAM   BANK0   BANK1   BANK2   BANK3   BANK4   BANK5
      Params:         2       0       0       0       0       0       0
      Locals:         0       0       0       0       0       0       0
      Temps:          0       0       0       0       0       0       0
      Totals:         2       0       0       0       0       0       0
Total ram usage:        2 bytes
 Hardware stack levels used:    1
 This function calls:
		Nothing
 This function is called by:
		_menuTranca
 This function uses a non-reentrant model


 *************** function _defineSenha *****************
 Defined at:
		line 30 in file "porta.c"
 Parameters:    Size  Location     Type
  entrada         2    0[COMRAM] int 
 Auto vars:     Size  Location     Type
		None
 Return value:  Size  Location     Type
                  2    0[COMRAM] int 
 Registers used:
		None
 Tracked objects:
		On entry : 
		On exit  : 
		Unchanged: 
 Data sizes:     COMRAM   BANK0   BANK1   BANK2   BANK3   BANK4   BANK5
      Params:         2       0       0       0       0       0       0
      Locals:         0       0       0       0       0       0       0
      Temps:          0       0       0       0       0       0       0
      Totals:         2       0       0       0       0       0       0
Total ram usage:        2 bytes
 Hardware stack levels used:    1
 This function calls:
		Nothing
 This function is called by:
		_menuTranca
 This function uses a non-reentrant model


 *************** function _abreFecha *****************
 Defined at:
		line 47 in file "porta.c"
 Parameters:    Size  Location     Type
  comando         1    wreg     unsigned char 
 Auto vars:     Size  Location     Type
  comando         1    0[COMRAM] unsigned char 
 Return value:  Size  Location     Type
                  1    wreg      unsigned char 
 Registers used:
		wreg, status,2
 Tracked objects:
		On entry : 
		On exit  : 
		Unchanged: 
 Data sizes:     COMRAM   BANK0   BANK1   BANK2   BANK3   BANK4   BANK5
      Params:         0       0       0       0       0       0       0
      Locals:         1       0       0       0       0       0       0
      Temps:          0       0       0       0       0       0       0
      Totals:         1       0       0       0       0       0       0
Total ram usage:        1 bytes
 Hardware stack levels used:    1
 This function calls:
		Nothing
 This function is called by:
		_menuTranca
		_menuPorta
		_sair
 This function uses a non-reentrant model


 *************** function _menuLuzes *****************
 Defined at:
		line 339 in file "menus.c"
 Parameters:    Size  Location     Type
		None
 Auto vars:     Size  Location     Type
  tmp             1   22[COMRAM] unsigned char 
 Return value:  Size  Location     Type
                  1    wreg      void 
 Registers used:
		wreg, status,2, status,0, tblptrl, tblptrh, tblptru, cstack
 Tracked objects:
		On entry : 
		On exit  : 
		Unchanged: 
 Data sizes:     COMRAM   BANK0   BANK1   BANK2   BANK3   BANK4   BANK5
      Params:         0       0       0       0       0       0       0
      Locals:         1       0       0       0       0       0       0
      Temps:          2       0       0       0       0       0       0
      Totals:         3       0       0       0       0       0       0
Total ram usage:        3 bytes
 Hardware stack levels used:    1
 Hardware stack levels required when called:    4
 This function calls:
		_lcd_cmd
		_lcd_str
		_menuManipLuzes
		_tc_tecla
 This function is called by:
		_main
 This function uses a non-reentrant model


 *************** function _menuManipLuzes *****************
 Defined at:
		line 260 in file "menus.c"
 Parameters:    Size  Location     Type
  opcao           1    wreg     unsigned char 
 Auto vars:     Size  Location     Type
  opcao           1   17[COMRAM] unsigned char 
  tmp             1   19[COMRAM] unsigned char 
  i               1   18[COMRAM] unsigned char 
 Return value:  Size  Location     Type
                  1    wreg      void 
 Registers used:
		wreg, status,2, status,0, tblptrl, tblptrh, tblptru, cstack
 Tracked objects:
		On entry : 
		On exit  : 
		Unchanged: 
 Data sizes:     COMRAM   BANK0   BANK1   BANK2   BANK3   BANK4   BANK5
      Params:         0       0       0       0       0       0       0
      Locals:         5       0       0       0       0       0       0
      Temps:          2       0       0       0       0       0       0
      Totals:         7       0       0       0       0       0       0
Total ram usage:        7 bytes
 Hardware stack levels used:    1
 Hardware stack levels required when called:    3
 This function calls:
		_delay_ms
		_desligaLuz
		_lcd_cmd
		_lcd_dat
		_lcd_str
		_ligaLuz
		_tc_tecla
 This function is called by:
		_menuLuzes
 This function uses a non-reentrant model


 *************** function _ligaLuz *****************
 Defined at:
		line 14 in file "luzes.c"
 Parameters:    Size  Location     Type
  luz             1    wreg     unsigned char 
 Auto vars:     Size  Location     Type
  luz             1    2[COMRAM] unsigned char 
 Return value:  Size  Location     Type
                  1    wreg      void 
 Registers used:
		wreg, status,2, status,0
 Tracked objects:
		On entry : 
		On exit  : 
		Unchanged: 
 Data sizes:     COMRAM   BANK0   BANK1   BANK2   BANK3   BANK4   BANK5
      Params:         0       0       0       0       0       0       0
      Locals:         1       0       0       0       0       0       0
      Temps:          2       0       0       0       0       0       0
      Totals:         3       0       0       0       0       0       0
Total ram usage:        3 bytes
 Hardware stack levels used:    1
 This function calls:
		Nothing
 This function is called by:
		_menuManipLuzes
 This function uses a non-reentrant model


 *************** function _desligaLuz *****************
 Defined at:
		line 34 in file "luzes.c"
 Parameters:    Size  Location     Type
  luz             1    wreg     unsigned char 
 Auto vars:     Size  Location     Type
  luz             1    2[COMRAM] unsigned char 
 Return value:  Size  Location     Type
                  1    wreg      void 
 Registers used:
		wreg, status,2, status,0
 Tracked objects:
		On entry : 
		On exit  : 
		Unchanged: 
 Data sizes:     COMRAM   BANK0   BANK1   BANK2   BANK3   BANK4   BANK5
      Params:         0       0       0       0       0       0       0
      Locals:         1       0       0       0       0       0       0
      Temps:          2       0       0       0       0       0       0
      Totals:         3       0       0       0       0       0       0
Total ram usage:        3 bytes
 Hardware stack levels used:    1
 This function calls:
		Nothing
 This function is called by:
		_menuManipLuzes
 This function uses a non-reentrant model


 *************** function _menuArCondicionado *****************
 Defined at:
		line 450 in file "menus.c"
 Parameters:    Size  Location     Type
		None
 Auto vars:     Size  Location     Type
  tmp             1   32[COMRAM] unsigned char 
 Return value:  Size  Location     Type
                  1    wreg      void 
 Registers used:
		wreg, status,2, status,0, tblptrl, tblptrh, tblptru, cstack
 Tracked objects:
		On entry : 
		On exit  : 
		Unchanged: 
 Data sizes:     COMRAM   BANK0   BANK1   BANK2   BANK3   BANK4   BANK5
      Params:         0       0       0       0       0       0       0
      Locals:         1       0       0       0       0       0       0
      Temps:          2       0       0       0       0       0       0
      Totals:         3       0       0       0       0       0       0
Total ram usage:        3 bytes
 Hardware stack levels used:    1
 Hardware stack levels required when called:    4
 This function calls:
		_lcd_cmd
		_lcd_str
		_ligarDesligar
		_menuAumentaDiminuiAC
		_tc_tecla
 This function is called by:
		_main
 This function uses a non-reentrant model


 *************** function _menuAumentaDiminuiAC *****************
 Defined at:
		line 394 in file "menus.c"
 Parameters:    Size  Location     Type
		None
 Auto vars:     Size  Location     Type
  tmp             1   29[COMRAM] unsigned char 
 Return value:  Size  Location     Type
                  1    wreg      void 
 Registers used:
		wreg, status,2, status,0, tblptrl, tblptrh, tblptru, cstack
 Tracked objects:
		On entry : 
		On exit  : 
		Unchanged: 
 Data sizes:     COMRAM   BANK0   BANK1   BANK2   BANK3   BANK4   BANK5
      Params:         0       0       0       0       0       0       0
      Locals:         1       0       0       0       0       0       0
      Temps:          2       0       0       0       0       0       0
      Totals:         3       0       0       0       0       0       0
Total ram usage:        3 bytes
 Hardware stack levels used:    1
 Hardware stack levels required when called:    3
 This function calls:
		_aumentarTemp
		_diminuirTemp
		_lcd_cmd
		_lcd_str
		_printTemp
		_tc_tecla
 This function is called by:
		_menuArCondicionado
 This function uses a non-reentrant model


 *************** function _tc_tecla *****************
 Defined at:
		line 14 in file "teclado.c"
 Parameters:    Size  Location     Type
  timeout         2    6[COMRAM] unsigned int 
 Auto vars:     Size  Location     Type
  to              2    8[COMRAM] unsigned int 
  i               1   12[COMRAM] unsigned char 
  ret             1   11[COMRAM] unsigned char 
  tmp             1   10[COMRAM] unsigned char 
 Return value:  Size  Location     Type
                  1    wreg      unsigned char 
 Registers used:
		wreg, status,2, status,0, tblptrl, tblptrh, tblptru, cstack
 Tracked objects:
		On entry : 
		On exit  : 
		Unchanged: 
 Data sizes:     COMRAM   BANK0   BANK1   BANK2   BANK3   BANK4   BANK5
      Params:         2       0       0       0       0       0       0
      Locals:         5       0       0       0       0       0       0
      Temps:          0       0       0       0       0       0       0
      Totals:         7       0       0       0       0       0       0
Total ram usage:        7 bytes
 Hardware stack levels used:    1
 Hardware stack levels required when called:    1
 This function calls:
		_delay_ms
 This function is called by:
		_main
		_menuTranca
		_menuPorta
		_menuManipLuzes
		_menuLuzes
		_menuAumentaDiminuiAC
		_menuArCondicionado
		_sair
 This function uses a non-reentrant model


 *************** function _printTemp *****************
 Defined at:
		line 16 in file "ssd.c"
 Parameters:    Size  Location     Type
  temp            1    wreg     unsigned char 
 Auto vars:     Size  Location     Type
  temp            1   26[COMRAM] unsigned char 
 Return value:  Size  Location     Type
                  1    wreg      void 
 Registers used:
		wreg, status,2, status,0, tblptrl, tblptrh, tblptru, cstack
 Tracked objects:
		On entry : 
		On exit  : 
		Unchanged: 
 Data sizes:     COMRAM   BANK0   BANK1   BANK2   BANK3   BANK4   BANK5
      Params:         0       0       0       0       0       0       0
      Locals:         1       0       0       0       0       0       0
      Temps:          0       0       0       0       0       0       0
      Totals:         1       0       0       0       0       0       0
Total ram usage:        1 bytes
 Hardware stack levels used:    1
 Hardware stack levels required when called:    1
 This function calls:
		___awdiv
		___awmod
		_delay_ms
 This function is called by:
		_menuAumentaDiminuiAC
 This function uses a non-reentrant model


 *************** function ___awmod *****************
 Defined at:
		line 7 in file "C:\Program Files (x86)\Microchip\xc8\v2.10\pic\sources\c99\common\awmod.c"
 Parameters:    Size  Location     Type
  dividend        2   12[COMRAM] int 
  divisor         2   14[COMRAM] int 
 Auto vars:     Size  Location     Type
  sign            1   17[COMRAM] unsigned char 
  counter         1   16[COMRAM] unsigned char 
 Return value:  Size  Location     Type
                  2   12[COMRAM] int 
 Registers used:
		wreg, status,2, status,0
 Tracked objects:
		On entry : 
		On exit  : 
		Unchanged: 
 Data sizes:     COMRAM   BANK0   BANK1   BANK2   BANK3   BANK4   BANK5
      Params:         4       0       0       0       0       0       0
      Locals:         2       0       0       0       0       0       0
      Temps:          0       0       0       0       0       0       0
      Totals:         6       0       0       0       0       0       0
Total ram usage:        6 bytes
 Hardware stack levels used:    1
 This function calls:
		Nothing
 This function is called by:
		_printTemp
		_printSenha
 This function uses a non-reentrant model


 *************** function ___awdiv *****************
 Defined at:
		line 7 in file "C:\Program Files (x86)\Microchip\xc8\v2.10\pic\sources\c99\common\awdiv.c"
 Parameters:    Size  Location     Type
  dividend        2   18[COMRAM] int 
  divisor         2   20[COMRAM] int 
 Auto vars:     Size  Location     Type
  quotient        2   24[COMRAM] int 
  sign            1   23[COMRAM] unsigned char 
  counter         1   22[COMRAM] unsigned char 
 Return value:  Size  Location     Type
                  2   18[COMRAM] int 
 Registers used:
		wreg, status,2, status,0
 Tracked objects:
		On entry : 
		On exit  : 
		Unchanged: 
 Data sizes:     COMRAM   BANK0   BANK1   BANK2   BANK3   BANK4   BANK5
      Params:         4       0       0       0       0       0       0
      Locals:         4       0       0       0       0       0       0
      Temps:          0       0       0       0       0       0       0
      Totals:         8       0       0       0       0       0       0
Total ram usage:        8 bytes
 Hardware stack levels used:    1
 This function calls:
		Nothing
 This function is called by:
		_printTemp
		_printSenha
 This function uses a non-reentrant model


 *************** function _lcd_str *****************
 Defined at:
		line 47 in file "lcd.c"
 Parameters:    Size  Location     Type
  str             2    7[COMRAM] PTR const unsigned char 
		 -> STR_55(9), STR_54(8), STR_53(10), STR_52(9), 
		 -> STR_51(11), STR_50(16), STR_49(11), STR_48(7), 
		 -> STR_47(11), STR_46(13), STR_45(9), STR_44(11), 
		 -> STR_43(6), STR_42(11), STR_41(11), STR_40(11), 
		 -> STR_39(7), STR_38(8), STR_37(7), STR_36(11), 
		 -> STR_35(7), STR_34(8), STR_33(7), STR_32(6), 
		 -> STR_31(9), STR_30(6), STR_29(12), STR_28(15), 
		 -> STR_27(12), STR_26(14), STR_25(7), STR_24(9), 
		 -> STR_23(7), STR_22(7), STR_21(8), STR_20(9), 
		 -> STR_19(9), STR_18(11), STR_17(8), STR_16(7), 
		 -> STR_15(10), STR_14(6), STR_13(18), STR_12(13), 
		 -> STR_11(12), STR_10(18), STR_9(13), STR_8(13), 
		 -> STR_7(7), STR_6(8), STR_5(7), STR_4(7), 
		 -> STR_3(5), STR_2(8), STR_1(6), 
 Auto vars:     Size  Location     Type
  i               1   11[COMRAM] unsigned char 
 Return value:  Size  Location     Type
                  1    wreg      void 
 Registers used:
		wreg, status,2, status,0, tblptrl, tblptrh, tblptru, cstack
 Tracked objects:
		On entry : 
		On exit  : 
		Unchanged: 
 Data sizes:     COMRAM   BANK0   BANK1   BANK2   BANK3   BANK4   BANK5
      Params:         2       0       0       0       0       0       0
      Locals:         1       0       0       0       0       0       0
      Temps:          2       0       0       0       0       0       0
      Totals:         5       0       0       0       0       0       0
Total ram usage:        5 bytes
 Hardware stack levels used:    1
 Hardware stack levels required when called:    2
 This function calls:
		_lcd_dat
 This function is called by:
		_main
		_menuTranca
		_menuPorta
		_menuManipLuzes
		_menuLuzes
		_menuAumentaDiminuiAC
		_menuArCondicionado
		_sair
 This function uses a non-reentrant model


 *************** function _lcd_dat *****************
 Defined at:
		line 19 in file "lcd.c"
 Parameters:    Size  Location     Type
  val             1    wreg     unsigned char 
 Auto vars:     Size  Location     Type
  val             1    6[COMRAM] unsigned char 
 Return value:  Size  Location     Type
                  1    wreg      void 
 Registers used:
		wreg, status,2, status,0, cstack
 Tracked objects:
		On entry : 
		On exit  : 
		Unchanged: 
 Data sizes:     COMRAM   BANK0   BANK1   BANK2   BANK3   BANK4   BANK5
      Params:         0       0       0       0       0       0       0
      Locals:         1       0       0       0       0       0       0
      Temps:          0       0       0       0       0       0       0
      Totals:         1       0       0       0       0       0       0
Total ram usage:        1 bytes
 Hardware stack levels used:    1
 Hardware stack levels required when called:    1
 This function calls:
		_delay_ms
		_lcd_wr
 This function is called by:
		_lcd_str
		_menuManipLuzes
 This function uses a non-reentrant model


 *************** function _diminuirTemp *****************
 Defined at:
		line 46 in file "arCondicionado.c"
 Parameters:    Size  Location     Type
  d               1    wreg     unsigned char 
 Auto vars:     Size  Location     Type
  d               1    2[COMRAM] unsigned char 
 Return value:  Size  Location     Type
                  1    wreg      void 
 Registers used:
		wreg, status,2, status,0
 Tracked objects:
		On entry : 
		On exit  : 
		Unchanged: 
 Data sizes:     COMRAM   BANK0   BANK1   BANK2   BANK3   BANK4   BANK5
      Params:         0       0       0       0       0       0       0
      Locals:         1       0       0       0       0       0       0
      Temps:          2       0       0       0       0       0       0
      Totals:         3       0       0       0       0       0       0
Total ram usage:        3 bytes
 Hardware stack levels used:    1
 This function calls:
		Nothing
 This function is called by:
		_menuAumentaDiminuiAC
 This function uses a non-reentrant model


 *************** function _aumentarTemp *****************
 Defined at:
		line 27 in file "arCondicionado.c"
 Parameters:    Size  Location     Type
  a               1    wreg     unsigned char 
 Auto vars:     Size  Location     Type
  a               1    2[COMRAM] unsigned char 
 Return value:  Size  Location     Type
                  1    wreg      void 
 Registers used:
		wreg, status,2, status,0
 Tracked objects:
		On entry : 
		On exit  : 
		Unchanged: 
 Data sizes:     COMRAM   BANK0   BANK1   BANK2   BANK3   BANK4   BANK5
      Params:         0       0       0       0       0       0       0
      Locals:         1       0       0       0       0       0       0
      Temps:          2       0       0       0       0       0       0
      Totals:         3       0       0       0       0       0       0
Total ram usage:        3 bytes
 Hardware stack levels used:    1
 This function calls:
		Nothing
 This function is called by:
		_menuAumentaDiminuiAC
 This function uses a non-reentrant model


 *************** function _ligarDesligar *****************
 Defined at:
		line 13 in file "arCondicionado.c"
 Parameters:    Size  Location     Type
  i               1    wreg     unsigned char 
 Auto vars:     Size  Location     Type
  i               1    0[COMRAM] unsigned char 
 Return value:  Size  Location     Type
                  1    wreg      void 
 Registers used:
		wreg
 Tracked objects:
		On entry : 
		On exit  : 
		Unchanged: 
 Data sizes:     COMRAM   BANK0   BANK1   BANK2   BANK3   BANK4   BANK5
      Params:         0       0       0       0       0       0       0
      Locals:         1       0       0       0       0       0       0
      Temps:          0       0       0       0       0       0       0
      Totals:         1       0       0       0       0       0       0
Total ram usage:        1 bytes
 Hardware stack levels used:    1
 This function calls:
		Nothing
 This function is called by:
		_menuArCondicionado
		_sair
 This function uses a non-reentrant model


 *************** function _lcd_init *****************
 Defined at:
		line 29 in file "lcd.c"
 Parameters:    Size  Location     Type
		None
 Auto vars:     Size  Location     Type
		None
 Return value:  Size  Location     Type
                  1    wreg      void 
 Registers used:
		wreg, status,2, status,0, cstack
 Tracked objects:
		On entry : 
		On exit  : 
		Unchanged: 
 Data sizes:     COMRAM   BANK0   BANK1   BANK2   BANK3   BANK4   BANK5
      Params:         0       0       0       0       0       0       0
      Locals:         0       0       0       0       0       0       0
      Temps:          0       0       0       0       0       0       0
      Totals:         0       0       0       0       0       0       0
Total ram usage:        0 bytes
 Hardware stack levels used:    1
 Hardware stack levels required when called:    2
 This function calls:
		_delay_ms
		_lcd_cmd
 This function is called by:
		_main
 This function uses a non-reentrant model


 *************** function _lcd_cmd *****************
 Defined at:
		line 9 in file "lcd.c"
 Parameters:    Size  Location     Type
  val             1    wreg     unsigned char 
 Auto vars:     Size  Location     Type
  val             1    6[COMRAM] unsigned char 
 Return value:  Size  Location     Type
                  1    wreg      void 
 Registers used:
		wreg, status,2, status,0, cstack
 Tracked objects:
		On entry : 
		On exit  : 
		Unchanged: 
 Data sizes:     COMRAM   BANK0   BANK1   BANK2   BANK3   BANK4   BANK5
      Params:         0       0       0       0       0       0       0
      Locals:         1       0       0       0       0       0       0
      Temps:          0       0       0       0       0       0       0
      Totals:         1       0       0       0       0       0       0
Total ram usage:        1 bytes
 Hardware stack levels used:    1
 Hardware stack levels required when called:    1
 This function calls:
		_delay_ms
		_lcd_wr
 This function is called by:
		_main
		_lcd_init
		_menuTranca
		_menuPorta
		_menuManipLuzes
		_menuLuzes
		_menuAumentaDiminuiAC
		_menuArCondicionado
		_sair
 This function uses a non-reentrant model


 *************** function _lcd_wr *****************
 Defined at:
		line 5 in file "lcd.c"
 Parameters:    Size  Location     Type
  val             1    wreg     unsigned char 
 Auto vars:     Size  Location     Type
  val             1    0[COMRAM] unsigned char 
 Return value:  Size  Location     Type
                  1    wreg      void 
 Registers used:
		wreg
 Tracked objects:
		On entry : 
		On exit  : 
		Unchanged: 
 Data sizes:     COMRAM   BANK0   BANK1   BANK2   BANK3   BANK4   BANK5
      Params:         0       0       0       0       0       0       0
      Locals:         1       0       0       0       0       0       0
      Temps:          0       0       0       0       0       0       0
      Totals:         1       0       0       0       0       0       0
Total ram usage:        1 bytes
 Hardware stack levels used:    1
 This function calls:
		Nothing
 This function is called by:
		_lcd_cmd
		_lcd_dat
 This function uses a non-reentrant model


 *************** function _delay_ms *****************
 Defined at:
		line 13 in file "delay.c"
 Parameters:    Size  Location     Type
  t               2    0[COMRAM] int 
 Auto vars:     Size  Location     Type
  i               2    2[COMRAM] volatile unsigned int 
  k               1    5[COMRAM] volatile unsigned char 
  j               1    4[COMRAM] volatile unsigned char 
 Return value:  Size  Location     Type
                  1    wreg      void 
 Registers used:
		wreg, status,2, status,0
 Tracked objects:
		On entry : 
		On exit  : 
		Unchanged: 
 Data sizes:     COMRAM   BANK0   BANK1   BANK2   BANK3   BANK4   BANK5
      Params:         2       0       0       0       0       0       0
      Locals:         4       0       0       0       0       0       0
      Temps:          0       0       0       0       0       0       0
      Totals:         6       0       0       0       0       0       0
Total ram usage:        6 bytes
 Hardware stack levels used:    1
 This function calls:
		Nothing
 This function is called by:
		_lcd_cmd
		_lcd_dat
		_lcd_init
		_tc_tecla
		_menuTranca
		_menuPorta
		_menuManipLuzes
		_sair
		_printTemp
		_printSenha
 This function uses a non-reentrant model



MODULE INFORMATION

Module		Function		Class		Link	Load	Size
ssd.c
		_printTemp     		CODE           	704E	0000	193
		_printSenha    		CODE           	73DC	0000	297

ssd.c estimated size: 490

delay.c
		_delay_ms      		CODE           	6DEA	0000	101

delay.c estimated size: 101

C:\Program Files (x86)\Microchip\xc8\v2.10\pic\sources\c99\common\awdiv.c
		___awdiv       		CODE           	710E	0000	197

C:\Program Files (x86)\Microchip\xc8\v2.10\pic\sources\c99\common\awdiv.c estimated size: 197

teclado.c
		_tc_tecla      		CODE           	77EC	0000	459

teclado.c estimated size: 459

luzes.c
		_desligaTodasLuzes		CODE           	6ACE	0000	11
		_ligaLuz       		CODE           	6C5E	0000	69
		_desligaLuz    		CODE           	6CA2	0000	71

luzes.c estimated size: 151

menus.c
		_menuArCondicionado		CODE           	7504	0000	313
		_menuLuzes     		CODE           	6E4E	0000	163
		_menuPorta     		CODE           	763C	0000	433
		_menuTranca    		CODE           	7B96	0000	709
		_sair          		CODE           	72BA	0000	291
		_menuManipLuzes		CODE           	79B6	0000	481
		_menuAumentaDiminuiAC		CODE           	6EF0	0000	175

menus.c estimated size: 2565

shared
		ssd@num        		MEDIUMCONST    	7E5B	0000	21
		_num           		MEDIUMCONST    	0000	0000	0
		__initialization		CODE           	6B82	0000	41
		_linha         		MEDIUMCONST    	7E83	0000	5

shared estimated size: 67

arCondicionado.c
		_diminuirTemp  		CODE           	6C24	0000	59
		_aumentarTemp  		CODE           	6BEA	0000	59
		_ligarDesligar 		CODE           	6ABC	0000	9

arCondicionado.c estimated size: 127

porta.c
		_defineSenha   		CODE           	6AC4	0000	11
		_abreFecha     		CODE           	6B52	0000	49
		_pow           		CODE           	6D38	0000	87
		_tranca        		CODE           	6AA6	0000	7
		_destranca     		CODE           	6BB4	0000	55

porta.c estimated size: 209

lcd.c
		_lcd_cmd       		CODE           	6AFE	0000	43
		_lcd_dat       		CODE           	6B28	0000	43
		_lcd_wr        		CODE           	6AB4	0000	9
		_lcd_str       		CODE           	6CE8	0000	81
		_lcd_init      		CODE           	6D8E	0000	93

lcd.c estimated size: 269

C:\Program Files (x86)\Microchip\xc8\v2.10\pic\sources\c99\common\Umul16.c
		___wmul        		CODE           	6AD8	0000	39

C:\Program Files (x86)\Microchip\xc8\v2.10\pic\sources\c99\common\Umul16.c estimated size: 39

C:\Program Files (x86)\Microchip\xc8\v2.10\pic\sources\c99\common\awmod.c
		___awmod       		CODE           	6F9E	0000	177

C:\Program Files (x86)\Microchip\xc8\v2.10\pic\sources\c99\common\awmod.c estimated size: 177

main.c
		_main          		CODE           	71D2	0000	233

main.c estimated size: 233

